[1/60] directed-a2-b3-u2-depot-nested: solved depth=3 exp=37 t=0.002s
[2/60] directed-a2-b3-u2-spread-nested: solved depth=3 exp=48 t=0.002s
[3/60] directed-a2-b4-u2-depot-nested: solved depth=4 exp=88 t=0.002s
[4/60] directed-a2-b4-u2-spread-nested: solved depth=4 exp=123 t=0.002s
[5/60] directed-a2-b4-u3-depot-nested: solved depth=5 exp=414 t=0.004s
[6/60] directed-a2-b4-u3-spread-nested: solved depth=5 exp=590 t=0.005s
[7/60] directed-a2-b5-u2-depot-nested: solved depth=5 exp=245 t=0.003s
[8/60] directed-a2-b5-u2-spread-nested: solved depth=5 exp=358 t=0.004s
[9/60] directed-a2-b5-u3-depot-nested: solved depth=6 exp=912 t=0.006s
[10/60] directed-a2-b5-u3-spread-nested: solved depth=6 exp=1347 t=0.009s
[11/60] directed-a3-b3-u2-depot-nested: solved depth=3 exp=56 t=0.002s
[12/60] directed-a3-b3-u2-depot-private: solved depth=3 exp=56 t=0.003s
[13/60] directed-a3-b3-u2-spread-nested: solved depth=3 exp=71 t=0.003s
[14/60] directed-a3-b3-u2-spread-private: solved depth=3 exp=71 t=0.003s
[15/60] directed-a3-b4-u2-depot-nested: solved depth=4 exp=163 t=0.003s
[16/60] directed-a3-b4-u2-depot-private: solved depth=4 exp=163 t=0.004s
[17/60] directed-a3-b4-u2-spread-nested: solved depth=4 exp=305 t=0.004s
[18/60] directed-a3-b4-u2-spread-private: solved depth=4 exp=305 t=0.004s
[19/60] directed-a3-b4-u3-depot-nested: solved depth=5 exp=1158 t=0.008s
[20/60] directed-a3-b4-u3-depot-private: solved depth=5 exp=1158 t=0.011s
[21/60] directed-a3-b4-u3-spread-nested: solved depth=5 exp=2417 t=0.013s
[22/60] directed-a3-b4-u3-spread-private: solved depth=5 exp=2417 t=0.014s
[23/60] directed-a3-b5-u2-depot-nested: solved depth=5 exp=630 t=0.005s
[24/60] directed-a3-b5-u2-depot-private: solved depth=5 exp=630 t=0.005s
[25/60] directed-a3-b5-u2-spread-nested: solved depth=5 exp=1434 t=0.009s
[26/60] directed-a3-b5-u2-spread-private: solved depth=5 exp=1434 t=0.008s
[27/60] directed-a3-b5-u3-depot-nested: solved depth=6 exp=3274 t=0.018s
[28/60] directed-a3-b5-u3-depot-private: solved depth=6 exp=3274 t=0.019s
[29/60] directed-a3-b5-u3-spread-nested: solved depth=6 exp=8059 t=0.038s
[30/60] directed-a3-b5-u3-spread-private: solved depth=6 exp=8059 t=0.045s
[31/60] directed-a4-b3-u2-depot-nested: solved depth=3 exp=79 t=0.003s
[32/60] directed-a4-b3-u2-depot-private: solved depth=3 exp=79 t=0.010s
[33/60] directed-a4-b3-u2-spread-nested: solved depth=3 exp=98 t=0.003s
[34/60] directed-a4-b3-u2-spread-private: solved depth=3 exp=98 t=0.003s
[35/60] directed-a4-b4-u2-depot-nested: solved depth=4 exp=272 t=0.004s
[36/60] directed-a4-b4-u2-depot-private: solved depth=4 exp=272 t=0.005s
[37/60] directed-a4-b4-u2-spread-nested: solved depth=4 exp=482 t=0.005s
[38/60] directed-a4-b4-u2-spread-private: solved depth=4 exp=482 t=0.005s
[39/60] directed-a4-b4-u3-depot-nested: solved depth=5 exp=2581 t=0.015s
[40/60] directed-a4-b4-u3-depot-private: solved depth=5 exp=2581 t=0.016s
[41/60] directed-a4-b4-u3-spread-nested: solved depth=5 exp=5146 t=0.027s
[42/60] directed-a4-b4-u3-spread-private: solved depth=5 exp=5146 t=0.032s
[43/60] directed-a4-b5-u2-depot-nested: solved depth=5 exp=1349 t=0.009s
[44/60] directed-a4-b5-u2-depot-private: solved depth=5 exp=1349 t=0.010s
[45/60] directed-a4-b5-u2-spread-nested: solved depth=5 exp=4018 t=0.019s
[46/60] directed-a4-b5-u2-spread-private: solved depth=5 exp=4018 t=0.024s
[47/60] directed-a4-b5-u3-depot-nested: solved depth=6 exp=8837 t=0.054s
[48/60] directed-a4-b5-u3-depot-private: solved depth=6 exp=8837 t=0.049s
[49/60] directed-a4-b5-u3-spread-nested: solved depth=6 exp=29827 t=0.157s
[50/60] directed-a4-b5-u3-spread-private: solved depth=6 exp=29827 t=0.154s
[51/60] facility-a2-b4-i1-depot-ck: solved depth=5 exp=150 t=0.003s
[52/60] facility-a2-b4-i2-depot-ck: solved depth=6 exp=1613 t=0.010s
[53/60] facility-a2-b5-i1-depot-ck: solved depth=7 exp=1605 t=0.010s
[54/60] facility-a2-b5-i2-depot-ck: solved depth=8 exp=19403 t=0.118s
[55/60] facility-a2-b6-i1-depot-ck: solved depth=8 exp=4409 t=0.024s
[56/60] facility-a3-b4-i1-depot-ck: solved depth=5 exp=275 t=0.004s
[57/60] facility-a3-b4-i2-depot-ck: solved depth=6 exp=3533 t=0.026s
[58/60] facility-a3-b5-i1-depot-ck: solved depth=7 exp=6593 t=0.035s
[59/60] facility-a3-b5-i2-depot-ck: solved depth=8 exp=93247 t=0.677s
[60/60] facility-a3-b6-i1-depot-ck: solved depth=8 exp=27242 t=0.173s
ran 60; results.csv now holds 204 rows
