[1/144] public-a2-b3-u2-depot-ck: solved depth=3 exp=48 t=0.003s
[2/144] public-a2-b3-u2-depot-nested: solved depth=3 exp=48 t=0.003s
[3/144] public-a2-b3-u2-spread-ck: solved depth=2 exp=35 t=0.003s
[4/144] public-a2-b3-u2-spread-nested: solved depth=2 exp=35 t=0.003s
[5/144] public-a2-b4-u2-depot-ck: solved depth=4 exp=143 t=0.003s
[6/144] public-a2-b4-u2-depot-nested: solved depth=4 exp=143 t=0.003s
[7/144] public-a2-b4-u2-spread-ck: solved depth=3 exp=117 t=0.003s
[8/144] public-a2-b4-u2-spread-nested: solved depth=3 exp=117 t=0.003s
[9/144] public-a2-b4-u3-depot-ck: solved depth=5 exp=836 t=0.008s
[10/144] public-a2-b4-u3-depot-nested: solved depth=5 exp=836 t=0.008s
[11/144] public-a2-b4-u3-spread-ck: solved depth=4 exp=713 t=0.007s
[12/144] public-a2-b4-u3-spread-nested: solved depth=4 exp=713 t=0.008s
[13/144] public-a2-b5-u2-depot-ck: solved depth=5 exp=502 t=0.005s
[14/144] public-a2-b5-u2-depot-nested: solved depth=5 exp=502 t=0.005s
[15/144] public-a2-b5-u2-spread-ck: solved depth=4 exp=472 t=0.006s
[16/144] public-a2-b5-u2-spread-nested: solved depth=4 exp=472 t=0.005s
[17/144] public-a2-b5-u3-depot-ck: solved depth=6 exp=2184 t=0.016s
[18/144] public-a2-b5-u3-depot-nested: solved depth=6 exp=2184 t=0.013s
[19/144] public-a2-b5-u3-spread-ck: solved depth=5 exp=2170 t=0.017s
[20/144] public-a2-b5-u3-spread-nested: solved depth=5 exp=2170 t=0.015s
[21/144] public-a2-b6-u4-depot-ck: solved depth=8 exp=32237 t=0.259s
[22/144] public-a2-b6-u4-depot-nested: solved depth=8 exp=32237 t=0.226s
[23/144] public-a2-b6-u4-spread-ck: solved depth=7 exp=33600 t=0.257s
[24/144] public-a2-b6-u4-spread-nested: solved depth=7 exp=33600 t=0.240s
[25/144] public-a3-b3-u2-depot-ck: solved depth=3 exp=86 t=0.003s
[26/144] public-a3-b3-u2-depot-nested: solved depth=3 exp=86 t=0.003s
[27/144] public-a3-b3-u2-spread-ck: solved depth=2 exp=54 t=0.003s
[28/144] public-a3-b3-u2-spread-nested: solved depth=2 exp=54 t=0.003s
[29/144] public-a3-b4-u2-depot-ck: solved depth=4 exp=365 t=0.005s
[30/144] public-a3-b4-u2-depot-nested: solved depth=4 exp=365 t=0.005s
[31/144] public-a3-b4-u2-spread-ck: solved depth=2 exp=77 t=0.003s
[32/144] public-a3-b4-u2-spread-nested: solved depth=2 exp=77 t=0.003s
[33/144] public-a3-b4-u3-depot-ck: solved depth=5 exp=3324 t=0.026s
[34/144] public-a3-b4-u3-depot-nested: solved depth=5 exp=3324 t=0.024s
[35/144] public-a3-b4-u3-spread-ck: solved depth=4 exp=3392 t=0.027s
[36/144] public-a3-b4-u3-spread-nested: solved depth=4 exp=3392 t=0.027s
[37/144] public-a3-b5-u2-depot-ck: solved depth=5 exp=1958 t=0.020s
[38/144] public-a3-b5-u2-depot-nested: solved depth=5 exp=1958 t=0.014s
[39/144] public-a3-b5-u2-spread-ck: solved depth=3 exp=405 t=0.006s
[40/144] public-a3-b5-u2-spread-nested: solved depth=3 exp=405 t=0.005s
[41/144] public-a3-b5-u3-depot-ck: solved depth=6 exp=12238 t=0.086s
[42/144] public-a3-b5-u3-depot-nested: solved depth=6 exp=12238 t=0.079s
[43/144] public-a3-b5-u3-spread-ck: solved depth=4 exp=4081 t=0.032s
[44/144] public-a3-b5-u3-spread-nested: solved depth=4 exp=4081 t=0.030s
[45/144] public-a3-b6-u4-depot-ck: solved depth=8 exp=399310 t=3.661s
[46/144] public-a3-b6-u4-depot-nested: solved depth=8 exp=399310 t=3.228s
[47/144] public-a3-b6-u4-spread-ck: solved depth=6 exp=167009 t=1.522s
[48/144] public-a3-b6-u4-spread-nested: solved depth=6 exp=167009 t=1.292s
[49/144] public-a4-b3-u2-depot-ck: solved depth=3 exp=136 t=0.004s
[50/144] public-a4-b3-u2-depot-nested: solved depth=3 exp=136 t=0.004s
[51/144] public-a4-b3-u2-spread-ck: solved depth=2 exp=77 t=0.003s
[52/144] public-a4-b3-u2-spread-nested: solved depth=2 exp=77 t=0.003s
[53/144] public-a4-b4-u2-depot-ck: solved depth=4 exp=755 t=0.008s
[54/144] public-a4-b4-u2-depot-nested: solved depth=4 exp=755 t=0.007s
[55/144] public-a4-b4-u2-spread-ck: solved depth=2 exp=105 t=0.005s
[56/144] public-a4-b4-u2-spread-nested: solved depth=2 exp=105 t=0.004s
[57/144] public-a4-b4-u3-depot-ck: solved depth=5 exp=9195 t=0.080s
[58/144] public-a4-b4-u3-depot-nested: solved depth=5 exp=9195 t=0.066s
[59/144] public-a4-b4-u3-spread-ck: solved depth=4 exp=8165 t=0.080s
[60/144] public-a4-b4-u3-spread-nested: solved depth=4 exp=8165 t=0.064s
[61/144] public-a4-b5-u2-depot-ck: solved depth=5 exp=5438 t=0.041s
[62/144] public-a4-b5-u2-depot-nested: solved depth=5 exp=5438 t=0.032s
[63/144] public-a4-b5-u2-spread-ck: solved depth=2 exp=137 t=0.005s
[64/144] public-a4-b5-u2-spread-nested: solved depth=2 exp=137 t=0.005s
[65/144] public-a4-b5-u3-depot-ck: solved depth=6 exp=43585 t=0.338s
[66/144] public-a4-b5-u3-depot-nested: solved depth=6 exp=43585 t=0.341s
[67/144] public-a4-b5-u3-spread-ck: solved depth=4 exp=12570 t=0.116s
[68/144] public-a4-b5-u3-spread-nested: solved depth=4 exp=12570 t=0.102s
[69/144] public-a4-b6-u4-depot-ck: solved depth=8 exp=2409502 t=26.204s
[70/144] public-a4-b6-u4-depot-nested: solved depth=8 exp=2409502 t=21.934s
[71/144] public-a4-b6-u4-spread-ck: solved depth=6 exp=1104747 t=12.025s
[72/144] public-a4-b6-u4-spread-nested: solved depth=6 exp=1104747 t=10.305s
[73/144] radio-a2-b3-u2-depot-ck: solved depth=3 exp=48 t=0.003s
[74/144] radio-a2-b3-u2-depot-nested: solved depth=3 exp=48 t=0.003s
[75/144] radio-a2-b3-u2-spread-ck: solved depth=2 exp=35 t=0.003s
[76/144] radio-a2-b3-u2-spread-nested: solved depth=2 exp=35 t=0.003s
[77/144] radio-a2-b4-u2-depot-ck: solved depth=5 exp=529 t=0.005s
[78/144] radio-a2-b4-u2-depot-nested: solved depth=5 exp=529 t=0.005s
[79/144] radio-a2-b4-u2-spread-ck: solved depth=4 exp=200 t=0.004s
[80/144] radio-a2-b4-u2-spread-nested: solved depth=4 exp=200 t=0.004s
[81/144] radio-a2-b4-u3-depot-ck: solved depth=6 exp=2263 t=0.015s
[82/144] radio-a2-b4-u3-depot-nested: solved depth=6 exp=2263 t=0.014s
[83/144] radio-a2-b4-u3-spread-ck: solved depth=5 exp=1216 t=0.010s
[84/144] radio-a2-b4-u3-spread-nested: solved depth=5 exp=1216 t=0.009s
[85/144] radio-a2-b5-u2-depot-ck: solved depth=7 exp=6654 t=0.034s
[86/144] radio-a2-b5-u2-depot-nested: solved depth=7 exp=6654 t=0.033s
[87/144] radio-a2-b5-u2-spread-ck: solved depth=6 exp=2801 t=0.016s
[88/144] radio-a2-b5-u2-spread-nested: solved depth=6 exp=2801 t=0.016s
[89/144] radio-a2-b5-u3-depot-ck: solved depth=8 exp=26561 t=0.172s
[90/144] radio-a2-b5-u3-depot-nested: solved depth=8 exp=26561 t=0.140s
[91/144] radio-a2-b5-u3-spread-ck: solved depth=7 exp=11274 t=0.078s
[92/144] radio-a2-b5-u3-spread-nested: solved depth=7 exp=11274 t=0.062s
[93/144] radio-a2-b6-u4-depot-ck: solved depth=11 exp=1464189 t=11.651s
[94/144] radio-a2-b6-u4-depot-nested: solved depth=11 exp=1464189 t=10.747s
[95/144] radio-a2-b6-u4-spread-ck: solved depth=10 exp=626775 t=4.978s
[96/144] radio-a2-b6-u4-spread-nested: solved depth=10 exp=626775 t=4.489s
[97/144] radio-a3-b3-u2-depot-ck: solved depth=3 exp=86 t=0.003s
[98/144] radio-a3-b3-u2-depot-nested: solved depth=3 exp=86 t=0.003s
[99/144] radio-a3-b3-u2-spread-ck: solved depth=2 exp=54 t=0.003s
[100/144] radio-a3-b3-u2-spread-nested: solved depth=2 exp=54 t=0.003s
[101/144] radio-a3-b4-u2-depot-ck: solved depth=5 exp=2105 t=0.016s
[102/144] radio-a3-b4-u2-depot-nested: solved depth=5 exp=2009 t=0.013s
[103/144] radio-a3-b4-u2-spread-ck: solved depth=3 exp=158 t=0.005s
[104/144] radio-a3-b4-u2-spread-nested: solved depth=3 exp=158 t=0.004s
[105/144] radio-a3-b4-u3-depot-ck: solved depth=6 exp=12822 t=0.093s
[106/144] radio-a3-b4-u3-depot-nested: solved depth=6 exp=12796 t=0.087s
[107/144] radio-a3-b4-u3-spread-ck: solved depth=4 exp=3884 t=0.031s
[108/144] radio-a3-b4-u3-spread-nested: solved depth=4 exp=3840 t=0.026s
[109/144] radio-a3-b5-u2-depot-ck: solved depth=7 exp=60215 t=0.364s
[110/144] radio-a3-b5-u2-depot-nested: solved depth=7 exp=59440 t=0.306s
[111/144] radio-a3-b5-u2-spread-ck: solved depth=5 exp=6977 t=0.045s
[112/144] radio-a3-b5-u2-spread-nested: solved depth=5 exp=4488 t=0.025s
[113/144] radio-a3-b5-u3-depot-ck: solved depth=8 exp=349258 t=2.550s
[114/144] radio-a3-b5-u3-depot-nested: solved depth=8 exp=344391 t=2.158s
[115/144] radio-a3-b5-u3-spread-ck: solved depth=6 exp=47020 t=0.382s
[116/144] radio-a3-b5-u3-spread-nested: solved depth=6 exp=31350 t=0.199s
[117/144] radio-a3-b6-u4-depot-ck: plan-timeout depth= exp= t=60.035s
[118/144] radio-a3-b6-u4-depot-nested: plan-timeout depth= exp= t=60.045s
[119/144] radio-a3-b6-u4-spread-ck: plan-timeout depth= exp= t=60.050s
[120/144] radio-a3-b6-u4-spread-nested: plan-timeout depth= exp= t=60.001s
[121/144] radio-a4-b3-u2-depot-ck: solved depth=3 exp=136 t=0.006s
[122/144] radio-a4-b3-u2-depot-nested: solved depth=3 exp=136 t=0.006s
[123/144] radio-a4-b3-u2-spread-ck: solved depth=2 exp=77 t=0.005s
[124/144] radio-a4-b3-u2-spread-nested: solved depth=2 exp=77 t=0.008s
[125/144] radio-a4-b4-u2-depot-ck: solved depth=5 exp=5774 t=0.050s
[126/144] radio-a4-b4-u2-depot-nested: solved depth=5 exp=5521 t=0.049s
[127/144] radio-a4-b4-u2-spread-ck: solved depth=3 exp=227 t=0.007s
[128/144] radio-a4-b4-u2-spread-nested: solved depth=3 exp=227 t=0.009s
[129/144] radio-a4-b4-u3-depot-ck: solved depth=6 exp=45516 t=0.534s
[130/144] radio-a4-b4-u3-depot-nested: solved depth=6 exp=45451 t=0.384s
[131/144] radio-a4-b4-u3-spread-ck: solved depth=5 exp=18728 t=0.218s
[132/144] radio-a4-b4-u3-spread-nested: solved depth=4 exp=9209 t=0.084s
[133/144] radio-a4-b5-u2-depot-ck: solved depth=7 exp=289698 t=2.180s
[134/144] radio-a4-b5-u2-depot-nested: solved depth=7 exp=287102 t=1.704s
[135/144] radio-a4-b5-u2-spread-ck: solved depth=4 exp=3058 t=0.036s
[136/144] radio-a4-b5-u2-spread-nested: solved depth=4 exp=1635 t=0.015s
[137/144] radio-a4-b5-u3-depot-ck: solved depth=8 exp=2166161 t=18.392s
[138/144] radio-a4-b5-u3-depot-nested: solved depth=8 exp=2144172 t=14.813s
[139/144] radio-a4-b5-u3-spread-ck: solved depth=5 exp=30011 t=0.274s
[140/144] radio-a4-b5-u3-spread-nested: solved depth=5 exp=29439 t=0.203s
[141/144] radio-a4-b6-u4-depot-ck: plan-timeout depth= exp= t=60.037s
[142/144] radio-a4-b6-u4-depot-nested: plan-timeout depth= exp= t=60.042s
[143/144] radio-a4-b6-u4-spread-ck: plan-timeout depth= exp= t=60.048s
[144/144] radio-a4-b6-u4-spread-nested: plan-timeout depth= exp= t=60.050s
wrote 144 rows to results.csv
